Writable directories and free space:
  - /mnt1/tmp: 1756.28 GB free
  - /mnt1/spark: 1756.28 GB free
  - /mnt/tmp: 1738.25 GB free
  - /mnt/spark: 1738.25 GB free
  - /mnt/var/tmp: 1738.25 GB free
  - /tmp: 1738.25 GB free
  - /var/tmp: 1738.25 GB free

  [Spark Auto-Scaler] Dataset: wikics | S3 Size: 1 MB | Scale: Small/Medium
  [Spark Auto-Scaler] YARN Cluster: 8 nodes × 496 GB RAM × 64 vCores
  [Spark Auto-Scaler] Python RAM Budget: 5.0 GB/task (dataset-aware)
  [Spark Auto-Scaler] Bin-Packing Solution:
    → 2 total executors (CLI override)
    → 4 cores/executor | 8g heap + 20g overhead = 28g container
    → Total parallel tasks: 8 | Shuffle partitions: 200
    → Driver: 40g heap + 12g overhead
    → Cluster utilization: 56g / 3966g (1%)

:: loading settings :: url = jar:file:/usr/lib/spark/jars/ivy-2.5.1.jar!/org/apache/ivy/core/settings/ivysettings.xml
Ivy Default Cache set to: /mnt1/tmp/.ivy2/cache
The jars for the packages stored in: /mnt1/tmp/.ivy2/jars
io.delta#delta-spark_2.12 added as a dependency
graphframes#graphframes added as a dependency
:: resolving dependencies :: org.apache.spark#spark-submit-parent-f819350f-c2ef-43da-a997-872b8289cafc;1.0
	confs: [default]
	found io.delta#delta-spark_2.12;3.2.0 in central
	found io.delta#delta-storage;3.2.0 in central
	found org.antlr#antlr4-runtime;4.9.3 in central
	found graphframes#graphframes;0.8.3-spark3.5-s_2.12 in spark-packages
	found org.slf4j#slf4j-api;1.7.16 in central
downloading https://repo1.maven.org/maven2/io/delta/delta-spark_2.12/3.2.0/delta-spark_2.12-3.2.0.jar ...
	[SUCCESSFUL ] io.delta#delta-spark_2.12;3.2.0!delta-spark_2.12.jar (147ms)
downloading https://repos.spark-packages.org/graphframes/graphframes/0.8.3-spark3.5-s_2.12/graphframes-0.8.3-spark3.5-s_2.12.jar ...
	[SUCCESSFUL ] graphframes#graphframes;0.8.3-spark3.5-s_2.12!graphframes.jar (17ms)
downloading https://repo1.maven.org/maven2/io/delta/delta-storage/3.2.0/delta-storage-3.2.0.jar ...
	[SUCCESSFUL ] io.delta#delta-storage;3.2.0!delta-storage.jar (32ms)
downloading https://repo1.maven.org/maven2/org/antlr/antlr4-runtime/4.9.3/antlr4-runtime-4.9.3.jar ...
	[SUCCESSFUL ] org.antlr#antlr4-runtime;4.9.3!antlr4-runtime.jar (41ms)
downloading https://repo1.maven.org/maven2/org/slf4j/slf4j-api/1.7.16/slf4j-api-1.7.16.jar ...
	[SUCCESSFUL ] org.slf4j#slf4j-api;1.7.16!slf4j-api.jar (30ms)
:: resolution report :: resolve 999ms :: artifacts dl 271ms
	:: modules in use:
	graphframes#graphframes;0.8.3-spark3.5-s_2.12 from spark-packages in [default]
	io.delta#delta-spark_2.12;3.2.0 from central in [default]
	io.delta#delta-storage;3.2.0 from central in [default]
	org.antlr#antlr4-runtime;4.9.3 from central in [default]
	org.slf4j#slf4j-api;1.7.16 from central in [default]
	---------------------------------------------------------------------
	|                  |            modules            ||   artifacts   |
	|       conf       | number| search|dwnlded|evicted|| number|dwnlded|
	---------------------------------------------------------------------
	|      default     |   5   |   5   |   5   |   0   ||   5   |   5   |
	---------------------------------------------------------------------
:: retrieving :: org.apache.spark#spark-submit-parent-f819350f-c2ef-43da-a997-872b8289cafc
	confs: [default]
	5 artifacts copied, 0 already retrieved (6602kB/9ms)
Setting default log level to "WARN".
To adjust logging level use sc.setLogLevel(newLevel). For SparkR, use setLogLevel(newLevel).
26/08/03 19:04:11 WARN SparkConf: Note that spark.local.dir will be overridden by the value set by the cluster manager (via SPARK_LOCAL_DIRS in mesos/standalone/kubernetes and LOCAL_DIRS in YARN).
26/08/03 19:04:13 WARN Client: Neither spark.yarn.jars nor spark.yarn.archive is set, falling back to uploading libraries under SPARK_HOME.
26/08/03 19:04:17 WARN Client: Same path resource file:///mnt1/tmp/.ivy2/jars/io.delta_delta-spark_2.12-3.2.0.jar added multiple times to distributed cache.
26/08/03 19:04:17 WARN Client: Same path resource file:///mnt1/tmp/.ivy2/jars/graphframes_graphframes-0.8.3-spark3.5-s_2.12.jar added multiple times to distributed cache.
26/08/03 19:04:17 WARN Client: Same path resource file:///mnt1/tmp/.ivy2/jars/io.delta_delta-storage-3.2.0.jar added multiple times to distributed cache.
26/08/03 19:04:17 WARN Client: Same path resource file:///mnt1/tmp/.ivy2/jars/org.antlr_antlr4-runtime-4.9.3.jar added multiple times to distributed cache.
26/08/03 19:04:17 WARN Client: Same path resource file:///mnt1/tmp/.ivy2/jars/org.slf4j_slf4j-api-1.7.16.jar added multiple times to distributed cache.
  ✓ SparkSession successfully configured and initialized as 'spark'.

  ► Skipping dynamic package verification/installation on YARN executors...

================================================================================
  BOOTSTRAPPING EXPERIMENT CODE AND STAGE UTILITIES
================================================================================
  ► LOADING PIPELINE AND CONFIG FROM LOCAL REPOSITORY PATHS...
    ✓ Packed local git repository code to /tmp/pipeline.zip and copied to /tmp/pipeline
  ✓ Registered pipeline.zip package on Spark Context
Traceback (most recent call last):
  File "/home/hadoop/emo-pipeline/runners/run_emr.py", line 1678, in <module>
    main()
  File "/home/hadoop/emo-pipeline/runners/run_emr.py", line 1054, in main
    from pipeline.phases import (
  File "/tmp/pipeline/phases/__init__.py", line 11, in <module>
    from .phase3_training import run_phase3
  File "/tmp/pipeline/phases/phase3_training.py", line 3, in <module>
    import pandas as pd
  File "/usr/local/lib64/python3.9/site-packages/pandas/__init__.py", line 19, in <module>
    raise ImportError(
ImportError: Unable to import required dependencies:
numpy: No module named 'numpy'
