Writable directories and free space:
  - /mnt1/tmp: 1749.55 GB free
  - /mnt1/spark: 1749.55 GB free
  - /mnt/tmp: 1738.14 GB free
  - /mnt/spark: 1738.14 GB free
  - /mnt/var/tmp: 1738.14 GB free
  - /tmp: 1738.14 GB free
  - /var/tmp: 1738.14 GB free

  [Spark Auto-Scaler] Dataset: wikics | S3 Size: 1 MB | Scale: Small/Medium
  [Spark Auto-Scaler] YARN Cluster: 8 nodes × 496 GB RAM × 64 vCores
  [Spark Auto-Scaler] Python RAM Budget: 5.0 GB/task (dataset-aware)
  [Spark Auto-Scaler] Bin-Packing Solution:
    → 16 total executors (CLI override)
    → 4 cores/executor | 8g heap + 20g overhead = 28g container
    → Total parallel tasks: 64 | Shuffle partitions: 200
    → Driver: 40g heap + 12g overhead
    → Cluster utilization: 448g / 3966g (11%)

:: loading settings :: url = jar:file:/usr/lib/spark/jars/ivy-2.5.1.jar!/org/apache/ivy/core/settings/ivysettings.xml
Ivy Default Cache set to: /mnt1/tmp/.ivy2/cache
The jars for the packages stored in: /mnt1/tmp/.ivy2/jars
io.delta#delta-spark_2.12 added as a dependency
graphframes#graphframes added as a dependency
:: resolving dependencies :: org.apache.spark#spark-submit-parent-4a6997d4-bd8b-4ee6-9980-895981f58c19;1.0
	confs: [default]
	found io.delta#delta-spark_2.12;3.2.0 in central
	found io.delta#delta-storage;3.2.0 in central
	found org.antlr#antlr4-runtime;4.9.3 in central
	found graphframes#graphframes;0.8.3-spark3.5-s_2.12 in spark-packages
	found org.slf4j#slf4j-api;1.7.16 in central
:: resolution report :: resolve 120ms :: artifacts dl 5ms
	:: modules in use:
	graphframes#graphframes;0.8.3-spark3.5-s_2.12 from spark-packages in [default]
	io.delta#delta-spark_2.12;3.2.0 from central in [default]
	io.delta#delta-storage;3.2.0 from central in [default]
	org.antlr#antlr4-runtime;4.9.3 from central in [default]
	org.slf4j#slf4j-api;1.7.16 from central in [default]
	---------------------------------------------------------------------
	|                  |            modules            ||   artifacts   |
	|       conf       | number| search|dwnlded|evicted|| number|dwnlded|
	---------------------------------------------------------------------
	|      default     |   5   |   0   |   0   |   0   ||   5   |   0   |
	---------------------------------------------------------------------
:: retrieving :: org.apache.spark#spark-submit-parent-4a6997d4-bd8b-4ee6-9980-895981f58c19
	confs: [default]
	0 artifacts copied, 5 already retrieved (0kB/4ms)
Setting default log level to "WARN".
To adjust logging level use sc.setLogLevel(newLevel). For SparkR, use setLogLevel(newLevel).
Traceback (most recent call last):
  File "/home/hadoop/emo-pipeline/runners/run_emr.py", line 1708, in <module>
    main()
  File "/home/hadoop/emo-pipeline/runners/run_emr.py", line 506, in main
    spark = SparkSession.builder \
  File "/usr/lib/spark/python/pyspark/sql/session.py", line 497, in getOrCreate
    sc = SparkContext.getOrCreate(sparkConf)
  File "/usr/lib/spark/python/pyspark/context.py", line 535, in getOrCreate
    SparkContext(conf=conf or SparkConf())
  File "/usr/lib/spark/python/pyspark/context.py", line 204, in __init__
    SparkContext._ensure_initialized(self, gateway=gateway, conf=conf)
  File "/usr/lib/spark/python/pyspark/context.py", line 456, in _ensure_initialized
    SparkContext._gateway = gateway or launch_gateway(conf)
  File "/usr/lib/spark/python/pyspark/java_gateway.py", line 154, in launch_gateway
    java_import(gateway.jvm, "org.apache.spark.SparkConf")
  File "/usr/lib/spark/python/lib/py4j-0.10.9.7-src.zip/py4j/java_gateway.py", line 180, in java_import
  File "/usr/lib/spark/python/lib/py4j-0.10.9.7-src.zip/py4j/java_gateway.py", line 1036, in send_command
  File "/usr/lib/spark/python/lib/py4j-0.10.9.7-src.zip/py4j/clientserver.py", line 284, in _get_connection
  File "/usr/lib/spark/python/lib/py4j-0.10.9.7-src.zip/py4j/clientserver.py", line 291, in _create_new_connection
  File "/usr/lib/spark/python/lib/py4j-0.10.9.7-src.zip/py4j/clientserver.py", line 443, in connect_to_java_server
  File "/usr/lib/spark/python/lib/py4j-0.10.9.7-src.zip/py4j/clientserver.py", line 459, in _authenticate_connection
  File "/usr/lib/spark/python/lib/py4j-0.10.9.7-src.zip/py4j/clientserver.py", line 511, in send_command
  File "/usr/lib64/python3.9/socket.py", line 716, in readinto
    return self._sock.recv_into(b)
KeyboardInterrupt
