Writable directories and free space:
  - /mnt1/tmp: 1749.55 GB free
  - /mnt1/spark: 1749.55 GB free
  - /mnt/tmp: 1738.15 GB free
  - /mnt/spark: 1738.15 GB free
  - /mnt/var/tmp: 1738.15 GB free
  - /tmp: 1738.15 GB free
  - /var/tmp: 1738.15 GB free
Traceback (most recent call last):
  File "/home/hadoop/emo-pipeline/runners/run_emr.py", line 1777, in <module>
    main()
  File "/home/hadoop/emo-pipeline/runners/run_emr.py", line 316, in main
    out = subprocess.check_output(['yarn', 'node', '-list'], stderr=subprocess.DEVNULL).decode('utf-8')
  File "/usr/lib64/python3.9/subprocess.py", line 424, in check_output
    return run(*popenargs, stdout=PIPE, timeout=timeout, check=True,
  File "/usr/lib64/python3.9/subprocess.py", line 507, in run
    stdout, stderr = process.communicate(input, timeout=timeout)
  File "/usr/lib64/python3.9/subprocess.py", line 1121, in communicate
    stdout = self.stdout.read()
KeyboardInterrupt
